// Jest Snapshot v1, https://goo.gl/fbAQLP

exports[`Render should render component 1`] = `
Array [
  <div
    className="sidemenu__logo"
    key="logo"
    onClick={[Function]}
  >
    <img
      alt="Grafana"
      src="public/img/grafana_icon.svg"
    />
  </div>,
  <div
    className="sidemenu__logo_small_breakpoint"
    key="hamburger"
    onClick={[Function]}
  >
    <i
      className="fa fa-bars"
    />
    <span
      className="sidemenu__close"
    >
      <i
        className="fa fa-times"
      />
      Â Close
    </span>
  </div>,
  <TopSection
    key="topsection"
  />,
  <BottomSection
    key="bottomsection"
  />,
]
`;
