// Jest Snapshot v1, https://goo.gl/fbAQLP

exports[`Render should render component 1`] = `
<table
  className="filter-table form-inline"
>
  <thead>
    <tr>
      <th>
        Email
      </th>
      <th>
        Name
      </th>
      <th />
      <th
        style={
          Object {
            "width": "34px",
          }
        }
      />
    </tr>
  </thead>
  <tbody />
</table>
`;

exports[`Render should render invitees 1`] = `
<table
  className="filter-table form-inline"
>
  <thead>
    <tr>
      <th>
        Email
      </th>
      <th>
        Name
      </th>
      <th />
      <th
        style={
          Object {
            "width": "34px",
          }
        }
      />
    </tr>
  </thead>
  <tbody>
    <tr
      key="0-0"
    >
      <td>
        invitee-0@test.com
      </td>
      <td>
        invitee-0
      </td>
      <td
        className="text-right"
      >
        <button
          className="btn btn-inverse btn-mini"
          onClick={[Function]}
        >
          <textarea
            readOnly={true}
            style={
              Object {
                "position": "absolute",
                "right": -1000,
              }
            }
            value="localhost/invite/$0"
          />
          <i
            className="fa fa-clipboard"
          />
           Copy Invite
        </button>
         
      </td>
      <td>
        <button
          className="btn btn-danger btn-mini"
          onClick={[Function]}
        >
          <i
            className="fa fa-remove"
          />
        </button>
      </td>
    </tr>
    <tr
      key="1-1"
    >
      <td>
        invitee-1@test.com
      </td>
      <td>
        invitee-1
      </td>
      <td
        className="text-right"
      >
        <button
          className="btn btn-inverse btn-mini"
          onClick={[Function]}
        >
          <textarea
            readOnly={true}
            style={
              Object {
                "position": "absolute",
                "right": -1000,
              }
            }
            value="localhost/invite/$1"
          />
          <i
            className="fa fa-clipboard"
          />
           Copy Invite
        </button>
         
      </td>
      <td>
        <button
          className="btn btn-danger btn-mini"
          onClick={[Function]}
        >
          <i
            className="fa fa-remove"
          />
        </button>
      </td>
    </tr>
    <tr
      key="2-2"
    >
      <td>
        invitee-2@test.com
      </td>
      <td>
        invitee-2
      </td>
      <td
        className="text-right"
      >
        <button
          className="btn btn-inverse btn-mini"
          onClick={[Function]}
        >
          <textarea
            readOnly={true}
            style={
              Object {
                "position": "absolute",
                "right": -1000,
              }
            }
            value="localhost/invite/$2"
          />
          <i
            className="fa fa-clipboard"
          />
           Copy Invite
        </button>
         
      </td>
      <td>
        <button
          className="btn btn-danger btn-mini"
          onClick={[Function]}
        >
          <i
            className="fa fa-remove"
          />
        </button>
      </td>
    </tr>
    <tr
      key="3-3"
    >
      <td>
        invitee-3@test.com
      </td>
      <td>
        invitee-3
      </td>
      <td
        className="text-right"
      >
        <button
          className="btn btn-inverse btn-mini"
          onClick={[Function]}
        >
          <textarea
            readOnly={true}
            style={
              Object {
                "position": "absolute",
                "right": -1000,
              }
            }
            value="localhost/invite/$3"
          />
          <i
            className="fa fa-clipboard"
          />
           Copy Invite
        </button>
         
      </td>
      <td>
        <button
          className="btn btn-danger btn-mini"
          onClick={[Function]}
        >
          <i
            className="fa fa-remove"
          />
        </button>
      </td>
    </tr>
    <tr
      key="4-4"
    >
      <td>
        invitee-4@test.com
      </td>
      <td>
        invitee-4
      </td>
      <td
        className="text-right"
      >
        <button
          className="btn btn-inverse btn-mini"
          onClick={[Function]}
        >
          <textarea
            readOnly={true}
            style={
              Object {
                "position": "absolute",
                "right": -1000,
              }
            }
            value="localhost/invite/$4"
          />
          <i
            className="fa fa-clipboard"
          />
           Copy Invite
        </button>
         
      </td>
      <td>
        <button
          className="btn btn-danger btn-mini"
          onClick={[Function]}
        >
          <i
            className="fa fa-remove"
          />
        </button>
      </td>
    </tr>
    <tr
      key="5-5"
    >
      <td>
        invitee-5@test.com
      </td>
      <td>
        invitee-5
      </td>
      <td
        className="text-right"
      >
        <button
          className="btn btn-inverse btn-mini"
          onClick={[Function]}
        >
          <textarea
            readOnly={true}
            style={
              Object {
                "position": "absolute",
                "right": -1000,
              }
            }
            value="localhost/invite/$5"
          />
          <i
            className="fa fa-clipboard"
          />
           Copy Invite
        </button>
         
      </td>
      <td>
        <button
          className="btn btn-danger btn-mini"
          onClick={[Function]}
        >
          <i
            className="fa fa-remove"
          />
        </button>
      </td>
    </tr>
  </tbody>
</table>
`;
